// Jest Snapshot v1, https://goo.gl/fbAQLP

exports[`Button tests renders correctly 1`] = `
<div>
  <button
    class="Button Success"
  />
</div>
`;
