// Jest Snapshot v1, https://goo.gl/fbAQLP

exports[`HTMLText tests renders correctly 1`] = `
<div>
  <div
    class="description"
  >
    text
  </div>
</div>
`;
