// Jest Snapshot v1, https://goo.gl/fbAQLP

exports[`Input tests renders correctly 1`] = `
<div>
  <div
    class="Input"
  >
    <label
      class="Label"
      for="test"
    >
      test
    </label>
    <input
      class="InputElement"
      value=""
    />
  </div>
</div>
`;
